PASS: llmt_col smoke test completed.
D:\github\-\tb\\tb_llmt_col_smoke.v:113: $finish called at 101000 (1ps)
PASS: llmt_col back-to-back test completed.
D:\github\-\tb\\tb_llmt_col_back_to_back.v:132: $finish called at 91000 (1ps)
PASS: llmt_col corner test completed.
D:\github\-\tb\\tb_llmt_col_corner.v:165: $finish called at 341000 (1ps)
PASS: mx_array_32x16 smoke test completed.
D:\github\-\tb\\tb_mx_array_smoke.v:148: $finish called at 101000 (1ps)
PASS: mx_array dataset test completed. rows=4 cols=16 k_blocks=2 col_tiles=1
D:\github\-\tb\\tb_mx_array_dataset.v:253: $finish called at 260000 (1ps)
PASS: mx_array dataset test completed. rows=3 cols=18 k_blocks=2 col_tiles=2
D:\github\-\tb/tb_mx_array_dataset.v:253: $finish called at 380000 (1ps)
PASS: mx_array dataset test completed. rows=6 cols=33 k_blocks=5 col_tiles=3
D:\github\-\tb/tb_mx_array_dataset.v:253: $finish called at 1640000 (1ps)
PASS: mx_array dataset test completed. rows=7 cols=49 k_blocks=7 col_tiles=4
D:\github\-\tb/tb_mx_array_dataset.v:253: $finish called at 3100000 (1ps)
PASS: mx_array dataset test completed. rows=8 cols=32 k_blocks=4 col_tiles=2
D:\github\-\tb/tb_mx_array_dataset.v:253: $finish called at 1300000 (1ps)
PASS: mx_array dataset test completed. rows=9 cols=65 k_blocks=6 col_tiles=5
D:\github\-\tb/tb_mx_array_dataset.v:253: $finish called at 4520000 (1ps)
PASS: mx_array dataset test completed. rows=5 cols=20 k_blocks=3 col_tiles=2
D:\github\-\tb/tb_mx_array_dataset.v:253: $finish called at 720000 (1ps)
