**********************
Windows PowerShell transcript start
Start time: 20260506201856
Username: 啦啦啦\11035
RunAs User: 啦啦啦\11035
Configuration Name: 
Machine: 啦啦啦 (Microsoft Windows NT 10.0.26200.0)
Host Application: C:\Windows\System32\WindowsPowerShell\v1.0\powershell.exe -Command [Console]::OutputEncoding=[System.Text.Encoding]::UTF8;
.\sim\run_submission_regression.ps1 -Fast
Process ID: 34180
PSVersion: 5.1.26100.8115
PSEdition: Desktop
PSCompatibleVersions: 1.0, 2.0, 3.0, 4.0, 5.0, 5.1.26100.8115
BuildVersion: 10.0.26100.8115
CLRVersion: 4.0.30319.42000
WSManStackVersion: 3.0
PSRemotingProtocolVersion: 2.3
SerializationVersion: 1.1.0.1
**********************






PASS: waveform smoke VCD files generated under D:\github\-\reports\evidence\waveforms
**********************
Windows PowerShell transcript end
End time: 20260506201857
**********************
